lcd32.c:25:6:bsp_lcd32_init	8	static
lcd32.c:681:6:lcd32_writeram_prepare	8	static
lcd32.c:685:6:lcd32_setcursor	16	static
lcd32.c:704:6:lcd32_clear_screen	24	static
lcd32.c:731:6:lcd32_background_image	16	static
lcd32.c:756:6:lcd32_draw_point	16	static
lcd32.c:762:6:lcd32_draw_point_with_color	16	static
lcd32.c:768:6:lcd32_set_window	24	static
lcd32.c:786:6:lcd32_fill_color	32	static
lcd32.c:819:6:lcd32_draw_line	64	static
lcd32.c:864:6:lcd32_draw_rectangle	24	static
lcd32.c:873:6:lcd32_draw_circle	32	static
lcd32.c:906:6:lcd32_show_char	32	static
lcd32.c:976:6:lcd32_show_num	40	static
lcd32.c:997:6:lcd32_show_string	24	static
lcd32.c:1015:6:lcd32_draw_point_big	16	static
lcd32.c:1022:7:get_timeFont_tChar	32	static
lcd32.c:1040:6:lcd32_print_TimeFont	48	static
lcd32.c:1073:6:lcd32_print_TimeFonts	40	static
